\BOOKMARK [1][-]{section.1}{\376\377\000I\000n\000t\000r\000o\000d\000u\000c\000c\000i\000\363\000n}{}% 1
\BOOKMARK [1][-]{section.2}{\376\377\000M\000a\000r\000c\000o\000\040\000r\000e\000f\000e\000r\000e\000n\000c\000i\000a\000l}{}% 2
\BOOKMARK [2][-]{subsection.2.1}{\376\377\000A\000c\000t\000i\000v\000i\000d\000a\000d\000\040\0001}{section.2}% 3
\BOOKMARK [3][-]{subsubsection.2.1.1}{\376\377\000C\000a\000s\000o\000\040\000d\000e\000\040\000e\000s\000t\000u\000d\000i\000o}{subsection.2.1}% 4
\BOOKMARK [3][-]{subsubsection.2.1.2}{\376\377\000T\000r\000a\000b\000a\000j\000o\000\040\000d\000e\000\040\000c\000o\000n\000s\000u\000l\000t\000a}{subsection.2.1}% 5
\BOOKMARK [1][-]{section.3}{\376\377\000P\000r\000a\000c\000t\000i\000c\000a\000s}{}% 6
\BOOKMARK [2][-]{subsection.3.1}{\376\377\000R\000e\000t\000o\000\040\0001}{section.3}% 7
\BOOKMARK [3][-]{subsubsection.3.1.1}{\376\377\000A\000n\000\341\000l\000i\000s\000i\000s\000\040\000d\000e\000l\000\040\000p\000r\000o\000b\000l\000e\000m\000a}{subsection.3.1}% 8
\BOOKMARK [3][-]{subsubsection.3.1.2}{\376\377\000F\000l\000u\000j\000o\000g\000r\000a\000m\000a\000\040\000d\000e\000l\000\040\000s\000i\000s\000t\000e\000m\000a}{subsection.3.1}% 9
\BOOKMARK [3][-]{subsubsection.3.1.3}{\376\377\000J\000u\000s\000t\000i\000f\000i\000c\000a\000c\000i\000\363\000n\000\040\000t\000\351\000c\000n\000i\000c\000a\000\040\000d\000e\000l\000\040\000m\000i\000c\000r\000o\000c\000o\000n\000t\000r\000o\000l\000a\000d\000o\000r\000\040\000s\000e\000l\000e\000c\000c\000i\000o\000n\000a\000d\000o}{subsection.3.1}% 10
\BOOKMARK [3][-]{subsubsection.3.1.4}{\376\377\000C\000\363\000d\000i\000g\000o\000\040\000d\000o\000c\000u\000m\000e\000n\000t\000a\000d\000o}{subsection.3.1}% 11
\BOOKMARK [2][-]{subsection.3.2}{\376\377\000R\000e\000t\000o\000\040\0002}{section.3}% 12
\BOOKMARK [3][-]{subsubsection.3.2.1}{\376\377\000A\000n\000\341\000l\000i\000s\000i\000s\000\040\000d\000e\000l\000\040\000p\000r\000o\000b\000l\000e\000m\000a}{subsection.3.2}% 13
\BOOKMARK [3][-]{subsubsection.3.2.2}{\376\377\000F\000l\000u\000j\000o\000g\000r\000a\000m\000a\000\040\000d\000e\000l\000\040\000s\000i\000s\000t\000e\000m\000a}{subsection.3.2}% 14
\BOOKMARK [3][-]{subsubsection.3.2.3}{\376\377\000J\000u\000s\000t\000i\000f\000i\000c\000a\000c\000i\000\363\000n\000\040\000t\000\351\000c\000n\000i\000c\000a\000\040\000d\000e\000l\000\040\000m\000i\000c\000r\000o\000c\000o\000n\000t\000r\000o\000l\000a\000d\000o\000r\000\040\000s\000e\000l\000e\000c\000c\000i\000o\000n\000a\000d\000o}{subsection.3.2}% 15
\BOOKMARK [3][-]{subsubsection.3.2.4}{\376\377\000C\000\363\000d\000i\000g\000o\000\040\000d\000o\000c\000u\000m\000e\000n\000t\000a\000d\000o}{subsection.3.2}% 16
\BOOKMARK [2][-]{subsection.3.3}{\376\377\000R\000e\000t\000o\000\040\0003}{section.3}% 17
\BOOKMARK [3][-]{subsubsection.3.3.1}{\376\377\000A\000n\000\341\000l\000i\000s\000i\000s\000\040\000d\000e\000l\000\040\000p\000r\000o\000b\000l\000e\000m\000a}{subsection.3.3}% 18
\BOOKMARK [3][-]{subsubsection.3.3.2}{\376\377\000F\000l\000u\000j\000o\000g\000r\000a\000m\000a\000\040\000d\000e\000l\000\040\000s\000i\000s\000t\000e\000m\000a\000\040}{subsection.3.3}% 19
\BOOKMARK [3][-]{subsubsection.3.3.3}{\376\377\000J\000u\000s\000t\000i\000f\000i\000c\000a\000c\000i\000\363\000n\000\040\000t\000\351\000c\000n\000i\000c\000a\000\040\000d\000e\000l\000\040\000m\000i\000c\000r\000o\000c\000o\000n\000t\000r\000o\000l\000a\000d\000o\000r\000\040\000s\000e\000l\000e\000c\000c\000i\000o\000n\000a\000d\000o}{subsection.3.3}% 20
\BOOKMARK [3][-]{subsubsection.3.3.4}{\376\377\000C\000\363\000d\000i\000g\000o\000\040\000d\000o\000c\000u\000m\000e\000n\000t\000a\000d\000o}{subsection.3.3}% 21
\BOOKMARK [1][-]{section.4}{\376\377\000P\000r\000o\000t\000o\000c\000o\000l\000o\000s\000\040\000d\000e\000\040\000c\000o\000m\000u\000n\000i\000c\000a\000c\000i\000\363\000n}{}% 22
\BOOKMARK [2][-]{subsection.4.1}{\376\377\000C\000o\000m\000u\000n\000i\000c\000a\000c\000i\000\363\000n\000\040\000S\000e\000r\000i\000a\000l}{section.4}% 23
\BOOKMARK [3][-]{subsubsection.4.1.1}{\376\377\000U\000A\000R\000T\000\040\000\050\000U\000n\000i\000v\000e\000r\000s\000a\000l\000\040\000A\000s\000y\000n\000c\000h\000r\000o\000n\000o\000u\000s\000\040\000R\000e\000c\000e\000i\000v\000e\000r\000-\000T\000r\000a\000n\000s\000m\000i\000t\000t\000e\000r\000\051}{subsection.4.1}% 24
\BOOKMARK [3][-]{subsubsection.4.1.2}{\376\377\000I\0002\000C\000\040\000\050\000I\000n\000t\000e\000r\000-\000I\000n\000t\000e\000g\000r\000a\000t\000e\000d\000\040\000C\000i\000r\000c\000u\000i\000t\000\051}{subsection.4.1}% 25
\BOOKMARK [3][-]{subsubsection.4.1.3}{\376\377\000S\000P\000I\000\040\000\050\000S\000e\000r\000i\000a\000l\000\040\000P\000e\000r\000i\000p\000h\000e\000r\000a\000l\000\040\000I\000n\000t\000e\000r\000f\000a\000c\000e\000\051}{subsection.4.1}% 26
\BOOKMARK [3][-]{subsubsection.4.1.4}{\376\377\000C\000o\000m\000p\000a\000r\000a\000c\000i\000\363\000n\000\040\000d\000e\000\040\000P\000r\000o\000t\000o\000c\000o\000l\000o\000s}{subsection.4.1}% 27
\BOOKMARK [3][-]{subsubsection.4.1.5}{\376\377\000C\000r\000i\000t\000e\000r\000i\000o\000s\000\040\000d\000e\000\040\000S\000e\000l\000e\000c\000c\000i\000\363\000n}{subsection.4.1}% 28
\BOOKMARK [2][-]{subsection.4.2}{\376\377\000C\000o\000m\000u\000n\000i\000c\000a\000c\000i\000\363\000n\000\040\000I\000n\000a\000l\000\341\000m\000b\000r\000i\000c\000a}{section.4}% 29
\BOOKMARK [3][-]{subsubsection.4.2.1}{\376\377\000P\000r\000i\000n\000c\000i\000p\000a\000l\000e\000s\000\040\000p\000r\000o\000t\000o\000c\000o\000l\000o\000s\000\040\000i\000n\000a\000l\000\341\000m\000b\000r\000i\000c\000o\000s}{subsection.4.2}% 30
\BOOKMARK [3][-]{subsubsection.4.2.2}{\376\377\000C\000r\000i\000t\000e\000r\000i\000o\000s\000\040\000d\000e\000\040\000s\000e\000l\000e\000c\000c\000i\000\363\000n}{subsection.4.2}% 31
\BOOKMARK [3][-]{subsubsection.4.2.3}{\376\377\000I\000m\000p\000o\000r\000t\000a\000n\000c\000i\000a\000\040\000e\000n\000\040\000I\000o\000T}{subsection.4.2}% 32
\BOOKMARK [1][-]{section.5}{\376\377\000I\000n\000t\000e\000r\000n\000e\000t\000\040\000t\000r\000a\000d\000i\000t\000i\000o\000n\000a\000l\000\040\000v\000e\000r\000s\000u\000s\000\040\000I\000o\000T}{}% 33
\BOOKMARK [2][-]{subsection.5.1}{\376\377\000C\000o\000m\000p\000a\000r\000a\000c\000i\000\363\000n\000\040\000c\000o\000n\000c\000e\000p\000t\000u\000a\000l}{section.5}% 34
\BOOKMARK [2][-]{subsection.5.2}{\376\377\000I\000o\000T\000\040\000d\000e\000s\000d\000e\000\040\000s\000i\000s\000t\000e\000m\000a\000s\000\040\000e\000m\000b\000e\000b\000i\000d\000o\000s}{section.5}% 35
\BOOKMARK [2][-]{subsection.5.3}{\376\377\000A\000r\000q\000u\000i\000t\000e\000c\000t\000u\000r\000a\000\040\000b\000\341\000s\000i\000c\000a\000\040\000I\000o\000T}{section.5}% 36
\BOOKMARK [2][-]{subsection.5.4}{\376\377\000C\000o\000m\000u\000n\000i\000c\000a\000c\000i\000\363\000n\000\040\000e\000n\000\040\000I\000o\000T}{section.5}% 37
\BOOKMARK [3][-]{subsubsection.5.4.1}{\376\377\000D\000e\000n\000t\000r\000o\000\040\000d\000e\000l\000\040\000n\000o\000d\000o}{subsection.5.4}% 38
\BOOKMARK [3][-]{subsubsection.5.4.2}{\376\377\000H\000a\000c\000i\000a\000\040\000l\000a\000\040\000r\000e\000d}{subsection.5.4}% 39
\BOOKMARK [3][-]{subsubsection.5.4.3}{\376\377\000P\000r\000o\000t\000o\000c\000o\000l\000o\000s\000\040\000d\000e\000\040\000a\000p\000l\000i\000c\000a\000c\000i\000\363\000n}{subsection.5.4}% 40
\BOOKMARK [2][-]{subsection.5.5}{\376\377\000L\000\363\000g\000i\000c\000a\000\040\000d\000e\000\040\000i\000m\000p\000l\000e\000m\000e\000n\000t\000a\000c\000i\000\363\000n}{section.5}% 41
\BOOKMARK [2][-]{subsection.5.6}{\376\377\000D\000e\000\040\000I\000o\000T\000\040\000a\000\040\000I\000I\000o\000T}{section.5}% 42
\BOOKMARK [2][-]{subsection.5.7}{\376\377\000C\000o\000n\000s\000i\000d\000e\000r\000a\000c\000i\000o\000n\000e\000s\000\040\000d\000e\000\040\000d\000i\000s\000e\000\361\000o}{section.5}% 43
\BOOKMARK [1][-]{section.6}{\376\377\000P\000r\000o\000y\000e\000c\000t\000o\000\040\000F\000i\000n\000a\000l\000\040\000d\000e\000\040\000S\000i\000s\000t\000e\000m\000a\000s\000\040\000E\000m\000b\000e\000b\000i\000d\000o\000s}{}% 44
\BOOKMARK [2][-]{subsection.6.1}{\376\377\000E\000n\000t\000r\000e\000g\000a\000b\000l\000e\000\040\0001}{section.6}% 45
\BOOKMARK [3][-]{subsubsection.6.1.1}{\376\377\000D\000e\000s\000c\000r\000i\000p\000c\000i\000\363\000n\000\040\000d\000e\000l\000\040\000P\000r\000o\000b\000l\000e\000m\000a}{subsection.6.1}% 46
\BOOKMARK [3][-]{subsubsection.6.1.2}{\376\377\000O\000b\000j\000e\000t\000i\000v\000o\000s}{subsection.6.1}% 47
\BOOKMARK [3][-]{subsubsection.6.1.3}{\376\377\000R\000e\000q\000u\000i\000s\000i\000t\000o\000s\000\040\000d\000e\000l\000\040\000S\000i\000s\000t\000e\000m\000a}{subsection.6.1}% 48
\BOOKMARK [3][-]{subsubsection.6.1.4}{\376\377\000D\000i\000a\000g\000r\000a\000m\000a\000\040\000G\000e\000n\000e\000r\000a\000l\000\040\000d\000e\000l\000\040\000S\000i\000s\000t\000e\000m\000a}{subsection.6.1}% 49
\BOOKMARK [3][-]{subsubsection.6.1.5}{\376\377\000S\000e\000l\000e\000c\000c\000i\000\363\000n\000\040\000d\000e\000\040\000H\000a\000r\000d\000w\000a\000r\000e\000\040\000y\000\040\000D\000i\000s\000e\000\361\000o\000\040\000C\000A\000D}{subsection.6.1}% 50
\BOOKMARK [3][-]{subsubsection.6.1.6}{\376\377\000L\000\363\000g\000i\000c\000a\000\040\000d\000e\000\040\000C\000o\000n\000t\000r\000o\000l}{subsection.6.1}% 51
\BOOKMARK [2][-]{subsection.6.2}{\376\377\000E\000n\000t\000r\000e\000g\000a\000b\000l\000e\000\040\0002}{section.6}% 52
\BOOKMARK [3][-]{subsubsection.6.2.1}{\376\377\000C\000o\000d\000i\000g\000o\000\040\000F\000u\000e\000n\000t\000e}{subsection.6.2}% 53
\BOOKMARK [1][-]{section.7}{\376\377\000R\000e\000s\000u\000l\000t\000a\000d\000o\000s}{}% 54
\BOOKMARK [1][-]{section.8}{\376\377\000C\000o\000n\000c\000l\000u\000s\000i\000o\000n\000e\000s}{}% 55
\BOOKMARK [1][-]{section.9}{\376\377\000A\000n\000e\000x\000o\000s}{}% 56
\BOOKMARK [2][-]{subsection.9.1}{\376\377\000C\000\363\000d\000i\000g\000o\000\040\000R\000e\000t\000o\000\040\0001}{section.9}% 57
\BOOKMARK [2][-]{subsection.9.2}{\376\377\000C\000\363\000d\000i\000g\000o\000\040\000R\000e\000t\000o\000\040\0002}{section.9}% 58
\BOOKMARK [2][-]{subsection.9.3}{\376\377\000C\000\363\000d\000i\000g\000o\000\040\000R\000e\000t\000o\000\040\0003}{section.9}% 59
